python : .EF
At line:1 char:1
+ python test_phase5_g
uardrails.py > 
test_log.txt 2>&1
+ ~~~~~~~~~~~~~~~~~~~~
~~~~~~~~~~~~~~~~~~~~~~
~~~~~~~~~~
    + CategoryInfo    
          : NotSpeci  
  fied: (.EF:String   
 ) [], RemoteExcep    
tion
    + FullyQualifiedE 
   rrorId : NativeCo  
  mmandError
 
======================
======================
======================
====
ERROR: test_report_fil
ters_by_term_date (__m
ain__.TestPhase5Guardr
ails.test_report_filte
rs_by_term_date)
Verify that marks 
outside the term are 
not aggregated.
----------------------
----------------------
----------------------
----
Traceback (most 
recent call last):
  File 
"C:\Users\Jedidja Kaku
va\Documents\Documents
\Technology\Apps\keyst
one\test_phase5_guardr
ails.py", line 73, in 
test_report_filters_by
_term_date
    self.assertEqual(r
eport['subject_summari
es'][0]['student_avera
ge'], 80.0)
                     ~
~~~~~~~~~~~~~~~~~~~~~~
~~~~^^^
IndexError: list 
index out of range

======================
======================
======================
====
FAIL: test_report_filt
ers_qualitative_catego
ries (__main__.TestPha
se5Guardrails.test_rep
ort_filters_qualitativ
e_categories)
Verify only Academic 
and Social 
observations are in 
parent report.
----------------------
----------------------
----------------------
----
Traceback (most 
recent call last):
  File 
"C:\Users\Jedidja Kaku
va\Documents\Documents
\Technology\Apps\keyst
one\test_phase5_guardr
ails.py", line 85, in 
test_report_filters_qu
alitative_categories
    
self.assertIn("Great 
work", obs_texts)
    ~~~~~~~~~~~~~^^^^^
^^^^^^^^^^^^^^^^^^^^
AssertionError: 
'Great work' not 
found in []

----------------------
----------------------
----------------------
----
Ran 3 tests in 11.340s

FAILED (failures=1, 
errors=1)
